// Jest Snapshot v1, https://goo.gl/fbAQLP

exports[`Render AboutPage ABOUT Page renders correctly with Snapshot 1`] = `
<div>
  <div
    class="container mx-auto px-[20px] md:px-0"
  >
    <div
      class="inner pb-44 pt-6"
    >
      <h1
        class="mb-2 text-2xl font-bold"
      >
        About us
      </h1>
      <div
        class="picture h-[480px] overflow-hidden"
      >
        <img
          alt="about banner"
          src="/images/hero.webp"
        />
      </div>
      <div
        class="pt-8"
      >
        <article>
          <h2
            class="mb-4 text-2xl capitalize"
          >
            Title of the post ABC song
          </h2>
          <div
            class="blog-ct text-md tracking-wider text-[#666666] lg:text-[24px]"
          >
            quia et suscipit
suscipit recusandae consequuntur expedita et cum
reprehenderit molestiae ut ut quas totam
nostrum rerum est autem sunt rem eveniet architecto
          </div>
        </article>
      </div>
    </div>
  </div>
</div>
`;
